Starting Agent Detection Test...

Testing https://intercom.com...
Agents Found: ['Intercom']
Full Stack: dict_keys(['cms', 'frontend', 'server', 'ecommerce', 'crm', 'analytics', 'agents', 'is_wordpress'])
------------------------------
Testing https://www.drift.com...
Agents Found: ['Drift']
Full Stack: dict_keys(['cms', 'frontend', 'server', 'ecommerce', 'crm', 'analytics', 'agents', 'is_wordpress'])
------------------------------
Testing https://www.zendesk.com...
Agents Found: ['LiveChat', 'Zendesk']
Full Stack: dict_keys(['cms', 'frontend', 'server', 'ecommerce', 'crm', 'analytics', 'agents', 'is_wordpress'])
------------------------------
Testing https://example.com...
Agents Found: []
Full Stack: dict_keys(['cms', 'frontend', 'server', 'ecommerce', 'crm', 'analytics', 'agents', 'is_wordpress'])
------------------------------
